// Vitest Snapshot v1, https://vitest.dev/guide/snapshot.html

exports[`Nav > matches the default snapshot 1`] = `
<header
  class="sticky top-0 z-30 h-16 bg-surface border-b border-border"
  role="banner"
>
  <nav
    aria-label="Primary"
    class="max-w-7xl mx-auto px-6 lg:px-8 h-full flex items-center justify-between"
  >
    <a
      aria-label="HackSim home"
      class="font-display font-semibold text-xl tracking-tight text-ink flex items-center gap-2"
      href="/"
    >
      <span
        aria-hidden="true"
        class="text-accent"
      >
        ◇
      </span>
      hacksim
    </a>
    <ul
      class="flex items-center gap-2 sm:gap-3 text-xs sm:text-sm font-mono text-body uppercase tracking-wide"
    >
      <li>
        <a
          class="px-2 py-1 hover:text-ink transition"
          href="/examples"
        >
          [ examples ]
        </a>
      </li>
      <li>
        <a
          class="px-2 py-1 hover:text-ink transition"
          href="/docs"
        >
          [ docs ]
        </a>
      </li>
      <li>
        <a
          class="px-2 py-1 hover:text-ink transition"
          href="https://github.com/gensyn-ai/axl"
          rel="noreferrer"
          target="_blank"
        >
          [ github ]
        </a>
      </li>
    </ul>
  </nav>
</header>
`;
