// Vitest Snapshot v1, https://vitest.dev/guide/snapshot.html

exports[`Nav > matches the default snapshot 1`] = `
<header
  class="sticky top-0 z-30 h-16 bg-surface border-b border-border"
  role="banner"
>
  <nav
    aria-label="Primary"
    class="max-w-7xl mx-auto px-6 lg:px-8 h-full flex items-center justify-between"
  >
    <a
      aria-label="HackSim home"
      class="font-display font-semibold text-xl tracking-tight text-ink flex items-center gap-2"
      href="/"
    >
      <span
        aria-hidden="true"
        class="text-accent"
      >
        ◇
      </span>
      hacksim
    </a>
    <ul
      class="flex items-center gap-2 sm:gap-3 text-xs sm:text-sm font-mono text-body uppercase tracking-wide"
    >
      <li>
        <a
          class="px-2 py-1 hover:text-ink transition inline-flex items-center gap-1.5 text-accent"
          href="/agent-setup"
        >
          <svg
            aria-hidden="true"
            class="lucide lucide-bot h-3.5 w-3.5"
            fill="none"
            height="24"
            stroke="currentColor"
            stroke-linecap="round"
            stroke-linejoin="round"
            stroke-width="2"
            viewBox="0 0 24 24"
            width="24"
            xmlns="http://www.w3.org/2000/svg"
          >
            <path
              d="M12 8V4H8"
            />
            <rect
              height="12"
              rx="2"
              width="16"
              x="4"
              y="8"
            />
            <path
              d="M2 14h2"
            />
            <path
              d="M20 14h2"
            />
            <path
              d="M15 13v2"
            />
            <path
              d="M9 13v2"
            />
          </svg>
          <span>
            [ agent setup ]
          </span>
        </a>
      </li>
      <li>
        <a
          class="px-2 py-1 hover:text-ink transition"
          href="/examples"
        >
          [ examples ]
        </a>
      </li>
      <li>
        <a
          class="px-2 py-1 hover:text-ink transition"
          href="/docs"
        >
          [ docs ]
        </a>
      </li>
      <li>
        <a
          class="px-2 py-1 hover:text-ink transition"
          href="https://github.com/vrnvrn/hacksim"
          rel="noreferrer"
          target="_blank"
        >
          [ github ]
        </a>
      </li>
    </ul>
  </nav>
</header>
`;
