// Vitest Snapshot v1, https://vitest.dev/guide/snapshot.html

exports[`ProjectTile > matches the default snapshot 1`] = `
<article
  class="rounded-3xl border border-border bg-surface p-6 hover:border-muted transition flex flex-col gap-4"
>
  <div
    class="flex items-start justify-between gap-3"
  >
    <div
      class="min-w-0"
    >
      <p
        class="text-xs uppercase tracking-wide text-muted font-semibold"
      >
        commit 7f3a2c9
      </p>
      <h3
        class="font-display text-2xl font-semibold text-ink mt-1 leading-tight"
      >
        Permit Two-Tap
      </h3>
      <p
        class="text-sm text-body mt-1"
      >
        Two taps from idle to signed permit.
      </p>
    </div>
    <span
      class="rounded-full px-3 py-1 text-xs font-semibold inline-flex items-center bg-success-soft text-success-ink"
    >
      Submitted
    </span>
  </div>
  <p
    class="text-sm text-body leading-relaxed line-clamp-3"
  >
    A tiny demo where the user taps to approve and taps to send.
  </p>
  <div
    class="mt-auto flex items-center justify-between"
  >
    <button
      aria-label="Try Permit Two-Tap in the demo modal"
      class="inline-flex items-center gap-2 rounded-md bg-ink text-surface px-4 py-2 text-sm font-semibold hover:opacity-90 transition"
      type="button"
    >
      <svg
        aria-hidden="true"
        class="lucide lucide-play h-3.5 w-3.5"
        fill="none"
        height="24"
        stroke="currentColor"
        stroke-linecap="round"
        stroke-linejoin="round"
        stroke-width="2"
        viewBox="0 0 24 24"
        width="24"
        xmlns="http://www.w3.org/2000/svg"
      >
        <polygon
          points="6 3 20 12 6 21 6 3"
        />
      </svg>
      Try it
    </button>
  </div>
</article>
`;
