// Vitest Snapshot v1, https://vitest.dev/guide/snapshot.html

exports[`ProjectDemoModal > matches the default snapshot when open 1`] = `
<body
  data-scroll-locked="1"
  style="pointer-events: none;"
>
  <span
    aria-hidden="true"
    data-aria-hidden="true"
    data-radix-focus-guard=""
    style="opacity: 0; position: fixed; pointer-events: none; outline-color: none; outline-style: none; outline-width: initial;"
    tabindex="0"
  />
  <div
    aria-hidden="true"
    data-aria-hidden="true"
  />
  <div
    aria-hidden="true"
    class="fixed inset-0 bg-ink/60 backdrop-blur-sm z-40 data-[state=open]:animate-in data-[state=open]:fade-in"
    data-aria-hidden="true"
    data-state="open"
    style="pointer-events: auto;"
  />
  <div
    aria-labelledby="radix-_r_o_"
    class="fixed left-1/2 top-1/2 -translate-x-1/2 -translate-y-1/2 z-50 max-w-7xl w-[90vw] h-[90vh] rounded-3xl bg-surface p-0 overflow-hidden shadow-2xl flex flex-col focus:outline-none"
    data-state="open"
    id="radix-_r_n_"
    role="dialog"
    style="pointer-events: auto;"
    tabindex="-1"
  >
    <h2
      class="visually-hidden"
      id="radix-_r_o_"
    >
      Demo of Permit Two-Tap
    </h2>
    <header
      class="flex items-center justify-between gap-4 px-6 py-4 border-b border-border"
    >
      <div
        class="min-w-0"
      >
        <h2
          class="font-display text-xl font-semibold text-ink truncate"
        >
          Permit Two-Tap
        </h2>
        <p
          class="text-xs text-muted truncate"
        >
          commit 7f3a2c9
        </p>
      </div>
      <button
        aria-label="Close demo modal"
        class="rounded-full p-2 hover:bg-canvas transition"
        type="button"
      >
        <svg
          aria-hidden="true"
          class="lucide lucide-x h-5 w-5"
          fill="none"
          height="24"
          stroke="currentColor"
          stroke-linecap="round"
          stroke-linejoin="round"
          stroke-width="2"
          viewBox="0 0 24 24"
          width="24"
          xmlns="http://www.w3.org/2000/svg"
        >
          <path
            d="M18 6 6 18"
          />
          <path
            d="m6 6 12 12"
          />
        </svg>
      </button>
    </header>
    <div
      class="flex-1 flex flex-col min-h-0"
      data-orientation="horizontal"
      dir="ltr"
    >
      <div
        aria-label="Project tabs"
        aria-orientation="horizontal"
        class="flex items-center gap-1 px-6 border-b border-border"
        data-orientation="horizontal"
        role="tablist"
        style="outline-color: none; outline-style: none; outline-width: initial;"
        tabindex="0"
      >
        <button
          aria-controls="radix-_r_q_-content-demo"
          aria-selected="true"
          class="px-4 py-3 text-sm font-medium text-body data-[state=active]:text-ink data-[state=active]:border-b-2 data-[state=active]:border-accent transition"
          data-orientation="horizontal"
          data-radix-collection-item=""
          data-state="active"
          id="radix-_r_q_-trigger-demo"
          role="tab"
          tabindex="-1"
          type="button"
        >
          Demo
        </button>
        <button
          aria-controls="radix-_r_q_-content-readme"
          aria-selected="false"
          class="px-4 py-3 text-sm font-medium text-body data-[state=active]:text-ink data-[state=active]:border-b-2 data-[state=active]:border-accent transition"
          data-orientation="horizontal"
          data-radix-collection-item=""
          data-state="inactive"
          id="radix-_r_q_-trigger-readme"
          role="tab"
          tabindex="-1"
          type="button"
        >
          README
        </button>
        <button
          aria-controls="radix-_r_q_-content-code"
          aria-selected="false"
          class="px-4 py-3 text-sm font-medium text-body data-[state=active]:text-ink data-[state=active]:border-b-2 data-[state=active]:border-accent transition"
          data-orientation="horizontal"
          data-radix-collection-item=""
          data-state="inactive"
          id="radix-_r_q_-trigger-code"
          role="tab"
          tabindex="-1"
          type="button"
        >
          Code
        </button>
        <button
          aria-controls="radix-_r_q_-content-verdict"
          aria-selected="false"
          class="px-4 py-3 text-sm font-medium text-body data-[state=active]:text-ink data-[state=active]:border-b-2 data-[state=active]:border-accent transition"
          data-orientation="horizontal"
          data-radix-collection-item=""
          data-state="inactive"
          id="radix-_r_q_-trigger-verdict"
          role="tab"
          tabindex="-1"
          type="button"
        >
          Verdict
        </button>
      </div>
      <div
        aria-labelledby="radix-_r_q_-trigger-demo"
        class="flex-1 min-h-0 flex flex-col"
        data-orientation="horizontal"
        data-state="active"
        id="radix-_r_q_-content-demo"
        role="tabpanel"
        style="animation-duration: 0s;"
        tabindex="0"
      >
        <div
          class="bg-warning-soft text-ink text-xs px-4 py-2 flex items-center gap-2"
          role="status"
        >
          <svg
            aria-hidden="true"
            class="lucide lucide-info h-3.5 w-3.5"
            fill="none"
            height="24"
            stroke="currentColor"
            stroke-linecap="round"
            stroke-linejoin="round"
            stroke-width="2"
            viewBox="0 0 24 24"
            width="24"
            xmlns="http://www.w3.org/2000/svg"
          >
            <circle
              cx="12"
              cy="12"
              r="10"
            />
            <path
              d="M12 16v-4"
            />
            <path
              d="M12 8h.01"
            />
          </svg>
          <span>
            Sandboxed agent-generated code. Cannot access your data, cannot make network calls.
          </span>
        </div>
        <iframe
          class="w-full flex-1 bg-canvas"
          sandbox="allow-scripts"
          src="/api/mocks/projects/proj_d3vis/static/index.html"
          title="Demo of Permit Two-Tap"
        />
      </div>
      <div
        aria-labelledby="radix-_r_q_-trigger-readme"
        class="flex-1 min-h-0 flex flex-col"
        data-orientation="horizontal"
        data-state="inactive"
        hidden=""
        id="radix-_r_q_-content-readme"
        role="tabpanel"
        tabindex="0"
      />
      <div
        aria-labelledby="radix-_r_q_-trigger-code"
        class="flex-1 min-h-0 grid grid-cols-[240px_1fr]"
        data-orientation="horizontal"
        data-state="inactive"
        hidden=""
        id="radix-_r_q_-content-code"
        role="tabpanel"
        tabindex="0"
      />
      <div
        aria-labelledby="radix-_r_q_-trigger-verdict"
        class="flex-1 min-h-0 overflow-y-auto"
        data-orientation="horizontal"
        data-state="inactive"
        hidden=""
        id="radix-_r_q_-content-verdict"
        role="tabpanel"
        tabindex="0"
      />
    </div>
  </div>
  <span
    aria-hidden="true"
    data-aria-hidden="true"
    data-radix-focus-guard=""
    style="opacity: 0; position: fixed; pointer-events: none; outline-color: none; outline-style: none; outline-width: initial;"
    tabindex="0"
  />
</body>
`;
