// Vitest Snapshot v1, https://vitest.dev/guide/snapshot.html

exports[`WinnerCard > matches the default snapshot 1`] = `
<article
  aria-labelledby="winner-proj_1-title"
  class="relative rounded-3xl border border-border bg-surface p-6 pt-12 hover:border-muted transition flex flex-col gap-3"
>
  <span
    aria-label="Rank 1st for the Best onchain UX bounty"
    class="absolute top-4 left-4 rounded-full px-3 py-1 text-xs font-semibold bg-gold text-ink"
  >
    1st
  </span>
  <p
    class="text-xs uppercase tracking-wide text-muted font-semibold"
  >
    Permit Labs
     · 
    $1,500
  </p>
  <h3
    class="font-display text-2xl font-semibold text-ink leading-tight"
    id="winner-proj_1-title"
  >
    Permit Two-Tap
  </h3>
  <p
    class="text-sm text-body leading-relaxed line-clamp-3"
  >
    Two taps from idle to signed permit.
  </p>
  <button
    aria-label="Try Permit Two-Tap in the demo modal"
    class="mt-2 inline-flex items-center gap-2 rounded-md bg-ink text-surface px-4 py-2 text-sm font-semibold w-fit hover:opacity-90 transition"
    type="button"
  >
    <svg
      aria-hidden="true"
      class="lucide lucide-play h-3.5 w-3.5"
      fill="none"
      height="24"
      stroke="currentColor"
      stroke-linecap="round"
      stroke-linejoin="round"
      stroke-width="2"
      viewBox="0 0 24 24"
      width="24"
      xmlns="http://www.w3.org/2000/svg"
    >
      <polygon
        points="6 3 20 12 6 21 6 3"
      />
    </svg>
    Try it
  </button>
</article>
`;
